abs
atoi
bsearch
clib_calloc
clib_free
clib_limits_char_bit
clib_limits_check_value
clib_malloc
clib_malloc_get_stats
clib_malloc_init
clib_malloc_min_seed_bytes
clib_malloc_shutdown
clib_realloc
clib_stdarg_sum_ints
clib_stdarg_sum_ints_via_copy
clib_stdbool_false_value
clib_stdbool_feature_macro_value
clib_stdbool_sizeof_bool
clib_stdbool_true_value
clib_strerror
errno
isalnum
isalpha
isascii
isblank
iscntrl
isdigit
isgraph
islower
isprint
ispunct
isspace
isupper
isxdigit
labs
memchr
memcmp
memcpy
memmove
memset
qsort
strcat
strchr
strcmp
strcpy
strcspn
strlen
strncat
strncmp
strncpy
strnlen
strpbrk
strrchr
strspn
strstr
strtok
strtok_r
strtol
strtoll
strtoul
strtoull
tolower
toupper
