__clib_assert_fail
abs
atoi
bsearch
clib_assert_set_handler
clib_calloc
clib_float_eval_fp
clib_float_eval_int
clib_float_fp_op_count
clib_float_int_op_count
clib_free
clib_inttypes_fmt
clib_iso646_eval
clib_iso646_op_count
clib_limits_char_bit
clib_limits_check_value
clib_malloc
clib_malloc_get_stats
clib_malloc_init
clib_malloc_min_seed_bytes
clib_malloc_shutdown
clib_realloc
clib_stdalign_eval
clib_stdalign_op_count
clib_stdarg_sum_ints
clib_stdarg_sum_ints_via_copy
clib_stdbool_false_value
clib_stdbool_feature_macro_value
clib_stdbool_sizeof_bool
clib_stdbool_true_value
clib_stddef_offsetof_probe
clib_stddef_sizeof
clib_stdint_maxof
clib_stdint_sizeof
clib_stdio_init
clib_stdio_shutdown
clib_stdnoreturn_eval
clib_stdnoreturn_loop_forever
clib_stdnoreturn_op_count
clib_strerror
errno
fclose
feof
ferror
fflush
fopen
fprintf
fputc
fputs
fread
fwrite
isalnum
isalpha
isascii
isblank
iscntrl
isdigit
isgraph
islower
isprint
ispunct
isspace
isupper
isxdigit
labs
memchr
memcmp
memcpy
memmove
memset
printf
qsort
stderr
stdin
stdout
strcat
strchr
strcmp
strcpy
strcspn
strlen
strncat
strncmp
strncpy
strnlen
strpbrk
strrchr
strspn
strstr
strtok
strtok_r
strtol
strtoll
strtoul
strtoull
tolower
toupper
vfprintf
